<?xml version="1.0" encoding="UTF-8"?>
<wcs:Capabilities xmlns:ows="http://www.opengis.net/ows/1.1" xmlns:wcs="http://www.opengis.net/wcs/1.1" xmlns:xlink="http://www.w3.org/1999/xlink" xmlns:xsi="http://www.w3.org/2001/XMLSchema-instance" updateSequence="20110610T153000Z" version="1.1.2" xsi:schemaLocation="http://www.opengis.net/wcs/1.1 http://schemas.opengis.net/wcs/1.1/wcsGetCapabilities.xsd http://www.opengis.net/ows/1.1 http://schemas.opengis.net/ows/1.1.0/owsAll.xsd">
  <ows:ServiceIdentification>
    <ows:Title>Test configuration of MapServer used to demonstrate EOxServer</ows:Title>
    <ows:Abstract>
Test configuration of MapServer used to demonstrate EOxServer
The MERIS test data is produced from the following ESA remote sensing data:
MERIS L1b sample data available at: http://earth.esa.int/object/index.cfm?fobjectid=4320

Copyright (C) European Space Agency - ESA
</ows:Abstract>
    <ows:Keywords>
      <ows:Keyword>EO-WCS</ows:Keyword>
      <ows:Keyword>WCS EO-AP</ows:Keyword>
      <ows:Keyword>WCS 2.0</ows:Keyword>
      <ows:Keyword>WCS</ows:Keyword>
      <ows:Keyword>WMS</ows:Keyword>
      <ows:Keyword>EO-WMS</ows:Keyword>
      <ows:Keyword>MERIS</ows:Keyword>
      <ows:Keyword>ASAR</ows:Keyword>
      <ows:Keyword>Envisat</ows:Keyword>
    </ows:Keywords>
    <ows:ServiceType codeSpace="OGC">OGC WCS</ows:ServiceType>
    <ows:ServiceTypeVersion>1.1.2</ows:ServiceTypeVersion>
    <ows:Profile>urn:ogc:extension:WCS:1.1:TransactionAdd</ows:Profile>
    <ows:Profile>urn:ogc:extension:WCS:1.1:TransactionDelete</ows:Profile>
    <ows:Fees>None</ows:Fees>
    <ows:AccessConstraints>None</ows:AccessConstraints>
  </ows:ServiceIdentification>
  <ows:ServiceProvider>
    <ows:ProviderName>EOX IT Services GmbH - HG Wien - FN 312068z - UID ATU64265057</ows:ProviderName>
    <ows:ProviderSite xlink:href="http://eoxserver.org" xlink:type="simple"/>
    <ows:ServiceContact>
      <ows:IndividualName>Stephan Meissl</ows:IndividualName>
      <ows:PositionName>Senior IT Consultant</ows:PositionName>
      <ows:ContactInfo>
        <ows:Phone>
          <ows:Voice>Provided on request</ows:Voice>
          <ows:Facsimile>None</ows:Facsimile>
        </ows:Phone>
        <ows:Address>
          <ows:DeliveryPoint>Thurngasse 8/4</ows:DeliveryPoint>
          <ows:City>Wien</ows:City>
          <ows:AdministrativeArea>Vienna</ows:AdministrativeArea>
          <ows:PostalCode>1090</ows:PostalCode>
          <ows:Country>Austria</ows:Country>
          <ows:ElectronicMailAddress>office@eox.at</ows:ElectronicMailAddress>
        </ows:Address>
        <ows:OnlineResource xlink:href="http://eoxserver.org" xlink:type="simple"/>
        <ows:HoursOfService>Mon - Fri 10:30 - 17:00 CET and CEST respectively excl. Austrian holidays</ows:HoursOfService>
        <ows:ContactInstructions>E-mails are usually answered within 3 working days.</ows:ContactInstructions>
      </ows:ContactInfo>
      <ows:Role>Service provider</ows:Role>
    </ows:ServiceContact>
  </ows:ServiceProvider>
  <ows:OperationsMetadata>
    <ows:Operation name="GetCapabilities">
      <ows:DCP>
        <ows:HTTP>
          <ows:Get xlink:href="http://localhost:8000/ows?" xlink:type="simple"/>
          <ows:Post xlink:href="http://localhost:8000/ows?" xlink:type="simple"/>
        </ows:HTTP>
      </ows:DCP>
      <ows:Parameter name="service">
        <ows:AllowedValues>
          <ows:Value>WCS</ows:Value>
        </ows:AllowedValues>
      </ows:Parameter>
      <ows:Parameter name="version">
        <ows:AllowedValues>
          <ows:Value>1.1.2</ows:Value>
        </ows:AllowedValues>
      </ows:Parameter>
    </ows:Operation>
    <ows:Operation name="DescribeCoverage">
      <ows:DCP>
        <ows:HTTP>
          <ows:Get xlink:href="http://localhost:8000/ows?" xlink:type="simple"/>
          <ows:Post xlink:href="http://localhost:8000/ows?" xlink:type="simple"/>
        </ows:HTTP>
      </ows:DCP>
      <ows:Parameter name="service">
        <ows:AllowedValues>
          <ows:Value>WCS</ows:Value>
        </ows:AllowedValues>
      </ows:Parameter>
      <ows:Parameter name="version">
        <ows:AllowedValues>
          <ows:Value>1.1.2</ows:Value>
        </ows:AllowedValues>
      </ows:Parameter>
      <ows:Parameter name="identifiers">
        <ows:AllowedValues>
          <ows:Value/>
        </ows:AllowedValues>
      </ows:Parameter>
    </ows:Operation>
    <ows:Operation name="GetCoverage">
      <ows:DCP>
        <ows:HTTP>
          <ows:Get xlink:href="http://localhost:8000/ows?" xlink:type="simple"/>
          <ows:Post xlink:href="http://localhost:8000/ows?" xlink:type="simple"/>
        </ows:HTTP>
      </ows:DCP>
      <ows:Parameter name="service">
        <ows:AllowedValues>
          <ows:Value>WCS</ows:Value>
        </ows:AllowedValues>
      </ows:Parameter>
      <ows:Parameter name="version">
        <ows:AllowedValues>
          <ows:Value>1.1.2</ows:Value>
        </ows:AllowedValues>
      </ows:Parameter>
      <ows:Parameter name="Identifier">
        <ows:AllowedValues>
          <ows:Value/>
        </ows:AllowedValues>
      </ows:Parameter>
      <ows:Parameter name="InterpolationType">
        <ows:AllowedValues>
          <ows:Value>NEAREST_NEIGHBOUR</ows:Value>
          <ows:Value>BILINEAR</ows:Value>
        </ows:AllowedValues>
      </ows:Parameter>
      <ows:Parameter name="format">
        <ows:AllowedValues>
          <ows:Value>image/png</ows:Value>
          <ows:Value>image/tiff</ows:Value>
          <ows:Value>image/jp2</ows:Value>
          <ows:Value>application/x-netcdf</ows:Value>
          <ows:Value>application/x-hdf</ows:Value>
          <ows:Value>image/jpeg</ows:Value>
          <ows:Value>image/gif</ows:Value>
          <ows:Value>image/png; mode=8bit</ows:Value>
        </ows:AllowedValues>
      </ows:Parameter>
      <ows:Parameter name="store">
        <ows:AllowedValues>
          <ows:Value>false</ows:Value>
        </ows:AllowedValues>
      </ows:Parameter>
      <ows:Parameter name="GridBaseCRS">
        <ows:AllowedValues>
          <ows:Value>urn:ogc:def:crs:epsg::4326</ows:Value>
        </ows:AllowedValues>
      </ows:Parameter>
    </ows:Operation>
    <ows:Operation name="transaction">
      <ows:DCP>
        <ows:HTTP>
          <ows:Post xlink:href="http://localhost:8000/ows" xlink:type="simple"/>
        </ows:HTTP>
      </ows:DCP>
      <ows:Parameter name="service">
        <ows:AllowedValues>
          <ows:Value>WCS</ows:Value>
        </ows:AllowedValues>
      </ows:Parameter>
      <ows:Parameter name="version">
        <ows:AllowedValues>
          <ows:Value>1.1</ows:Value>
        </ows:AllowedValues>
      </ows:Parameter>
    </ows:Operation>
  </ows:OperationsMetadata>
  <wcs:Contents>
    
  </wcs:Contents>
</wcs:Capabilities>
