<?xml version="1.0" encoding="ISO-8859-1"?>
<CoverageDescriptions xmlns="http://www.opengis.net/wcs/1.1" xmlns:ows="http://www.opengis.net/ows/1.1" xmlns:xlink="http://www.w3.org/1999/xlink" xmlns:xsi="http://www.w3.org/2001/XMLSchema-instance" xmlns:ogc="http://www.opengis.net/ogc" xsi:schemaLocation="http://www.opengis.net/wcs/1.1 http://schemas.opengis.net/wcs/1.1/wcsDescribeCoverage.xsd http://www.opengis.net/ows/1.1 http://schemas.opengis.net/ows/1.1.0/owsAll.xsd">
  <CoverageDescription>
    <ows:Title>mosaic_MER_FRS_1PNPDE20060816_090929_000001972050_00222_23322_0058_RGB_reduced</ows:Title>
    <ows:Abstract/>
    <Identifier>mosaic_MER_FRS_1PNPDE20060816_090929_000001972050_00222_23322_0058_RGB_reduced</Identifier>
    <Domain>
      <SpatialDomain>
        <ows:BoundingBox crs="urn:ogc:def:crs:OGC::imageCRS" dimensions="2">
          <ows:LowerCorner>0 0</ows:LowerCorner>
          <ows:UpperCorner>540 448</ows:UpperCorner>
        </ows:BoundingBox>
        <ows:BoundingBox crs="urn:ogc:def:crs:EPSG::4326" dimensions="2">
          <ows:LowerCorner>32.19025 11.331755</ows:LowerCorner>
          <ows:UpperCorner>46.268645 28.29481</ows:UpperCorner>
        </ows:BoundingBox>
        <ows:WGS84BoundingBox dimensions="2">
          <ows:LowerCorner>11.331755 32.19025</ows:LowerCorner>
          <ows:UpperCorner>28.29481 46.268645</ows:UpperCorner>
        </ows:WGS84BoundingBox>
        <GridCRS>
          <GridBaseCRS>urn:ogc:def:crs:EPSG::4326</GridBaseCRS>
          <GridType>urn:ogc:def:method:WCS:1.1:2dSimpleGrid</GridType>
          <GridOrigin>11.3474325 46.2529675</GridOrigin>
          <GridOffsets>0.031355 -0.031355</GridOffsets>
          <GridCS>urn:ogc:def:cs:OGC:0.0:Grid2dSquareCS</GridCS>
        </GridCRS>
      </SpatialDomain>
    </Domain>
    <Range>
      <Field>
        <ows:Title>RGB</ows:Title>
        <Identifier>RGB</Identifier>
        <Definition>
          <ows:AnyValue/>
        </Definition>
        <InterpolationMethods>
          <InterpolationMethod>bilinear</InterpolationMethod>
          <Default>nearest neighbor</Default>
        </InterpolationMethods>
        <Axis identifier="bands">
          <AvailableKeys>
            <Key>1</Key>
            <Key>2</Key>
            <Key>3</Key>
          </AvailableKeys>
        </Axis>
      </Field>
    </Range>
    <SupportedCRS>urn:ogc:def:crs:EPSG::4326</SupportedCRS>
    <SupportedCRS>urn:ogc:def:crs:EPSG::3857</SupportedCRS>
    <SupportedCRS>urn:ogc:def:crs:EPSG::900913</SupportedCRS>
    <SupportedCRS>urn:ogc:def:crs:EPSG::3035</SupportedCRS>
    <SupportedFormat>image/tiff</SupportedFormat>
    <SupportedFormat>image/jp2</SupportedFormat>
    <SupportedFormat>application/x-netcdf</SupportedFormat>
    <SupportedFormat>application/x-hdf</SupportedFormat>
  </CoverageDescription>
</CoverageDescriptions>
