<?xml version='1.0' encoding='UTF-8'?>
<WCS_Capabilities xmlns="http://www.opengis.net/wcs" xmlns:xlink="http://www.w3.org/1999/xlink" xmlns:gml="http://www.opengis.net/gml" xmlns:xsi="http://www.w3.org/2001/XMLSchema-instance" version="1.0.0" updateSequence="20131219T132000Z" xsi:schemaLocation="http://www.opengis.net/wcs http://schemas.opengis.net/wcs/1.0.0/wcsCapabilities.xsd">
  <Service>
    <name>EOxServer EO-WCS</name>
    <label>Test configuration of MapServer used to demonstrate EOxServer</label>
    <keywords>
      <keyword>EO-WCS</keyword>
      <keyword>WCS EO-AP</keyword>
      <keyword>WCS 2.0</keyword>
      <keyword>WCS</keyword>
      <keyword>WMS</keyword>
      <keyword>EO-WMS</keyword>
      <keyword>MERIS</keyword>
      <keyword>ASAR</keyword>
      <keyword>Envisat</keyword>
    </keywords>
    <responsibleParty>
      <individualName>Stephan Meissl</individualName>
      <organisationName>EOX IT Services GmbH - HG Wien - FN 312068z - UID ATU64265057</organisationName>
      <positionName>Senior IT Consultant</positionName>
      <contactInfo>
        <phone>
          <voice>Provided on request</voice>
          <facsimile>None</facsimile>
        </phone>
        <address>
          <deliveryPoint>Thurngasse 8/4</deliveryPoint>
          <city>Wien</city>
          <administrativeArea>Vienna</administrativeArea>
          <postalCode>1090</postalCode>
          <country>Austria</country>
          <electronicMailAddress>office@eox.at</electronicMailAddress>
        </address>
        <onlineResource xlink:type="simple" xlink:href="http://eoxserver.org"/>
      </contactInfo>
    </responsibleParty>
    <fees>None</fees>
    <accessConstraints>
    None
  </accessConstraints>
  </Service>
  <Capability>
    <Request>
      <GetCapabilities>
        <DCPType>
          <HTTP>
            <Get>
              <OnlineResource xlink:type="simple" xlink:href="http://testserver/ows?"/>
            </Get>
          </HTTP>
        </DCPType>
        <DCPType>
          <HTTP>
            <Post>
              <OnlineResource xlink:type="simple" xlink:href="http://testserver/ows?"/>
            </Post>
          </HTTP>
        </DCPType>
      </GetCapabilities>
      <DescribeCoverage>
        <DCPType>
          <HTTP>
            <Get>
              <OnlineResource xlink:type="simple" xlink:href="http://testserver/ows?"/>
            </Get>
          </HTTP>
        </DCPType>
        <DCPType>
          <HTTP>
            <Post>
              <OnlineResource xlink:type="simple" xlink:href="http://testserver/ows?"/>
            </Post>
          </HTTP>
        </DCPType>
      </DescribeCoverage>
      <GetCoverage>
        <DCPType>
          <HTTP>
            <Get>
              <OnlineResource xlink:type="simple" xlink:href="http://testserver/ows?"/>
            </Get>
          </HTTP>
        </DCPType>
        <DCPType>
          <HTTP>
            <Post>
              <OnlineResource xlink:type="simple" xlink:href="http://testserver/ows?"/>
            </Post>
          </HTTP>
        </DCPType>
      </GetCoverage>
    </Request>
    <Exception>
      <Format>application/vnd.ogc.se_xml</Format>
    </Exception>
  </Capability>
  <ContentMetadata>
    <CoverageOfferingBrief>
      <name>ASA_WSM_1PNDPA20050331_075939_000000552036_00035_16121_0775</name>
      <label>ASA_WSM_1PNDPA20050331_075939_000000552036_00035_16121_0775</label>
      <lonLatEnvelope srsName="urn:ogc:def:crs:OGC:1.3:CRS84">
        <gml:pos>16.727605 -36.259107</gml:pos>
        <gml:pos>22.301754 -31.984922</gml:pos>
      </lonLatEnvelope>
    </CoverageOfferingBrief>
    <CoverageOfferingBrief>
      <name>MER_FRS_1PNPDE20060816_090929_000001972050_00222_23322_0058_uint16_reduced_compressed</name>
      <label>MER_FRS_1PNPDE20060816_090929_000001972050_00222_23322_0058_uint16_reduced_compressed</label>
      <lonLatEnvelope srsName="urn:ogc:def:crs:OGC:1.3:CRS84">
        <gml:pos>11.36106586 32.2014463</gml:pos>
        <gml:pos>28.28384572 46.2520256</gml:pos>
      </lonLatEnvelope>
    </CoverageOfferingBrief>
    <CoverageOfferingBrief>
      <name>mosaic_MER_FRS_1PNPDE20060816_090929_000001972050_00222_23322_0058_RGB_reduced</name>
      <label>mosaic_MER_FRS_1PNPDE20060816_090929_000001972050_00222_23322_0058_RGB_reduced</label>
      <lonLatEnvelope srsName="urn:ogc:def:crs:OGC:1.3:CRS84">
        <gml:pos>11.331755 32.19025</gml:pos>
        <gml:pos>28.29481 46.268645</gml:pos>
      </lonLatEnvelope>
    </CoverageOfferingBrief>
    <CoverageOfferingBrief>
      <name>mosaic_MER_FRS_1P_reduced_RGB</name>
      <label>mosaic_MER_FRS_1P_reduced_RGB</label>
      <lonLatEnvelope srsName="urn:ogc:def:crs:OGC:1.3:CRS84">
        <gml:pos>-3.75 32.158895</gml:pos>
        <gml:pos>28.326165 46.3</gml:pos>
      </lonLatEnvelope>
    </CoverageOfferingBrief>
  </ContentMetadata>
</WCS_Capabilities>
