<?xml version='1.0' encoding='UTF-8'?>
<Capabilities xmlns="http://www.opengis.net/wcs/1.1" xmlns:ows="http://www.opengis.net/ows/1.1" xmlns:xlink="http://www.w3.org/1999/xlink" xmlns:xsi="http://www.w3.org/2001/XMLSchema-instance" xmlns:ogc="http://www.opengis.net/ogc" version="1.1.2" updateSequence="20131219T132000Z" xsi:schemaLocation="http://www.opengis.net/wcs/1.1 http://schemas.opengis.net/wcs/1.1/wcsGetCapabilities.xsd http://www.opengis.net/ows/1.1 http://schemas.opengis.net/ows/1.1.0/owsAll.xsd">
  <ows:ServiceIdentification>
    <ows:Title>Test configuration of MapServer used to demonstrate EOxServer</ows:Title>
    <ows:Abstract>Test configuration of MapServer used to demonstrate EOxServer
The MERIS test data is produced from the following ESA remote sensing data:
MERIS L1b sample data available at: http://earth.esa.int/object/index.cfm?fobjectid=4320
Copyright (C) European Space Agency - ESA</ows:Abstract>
    <ows:Keywords>
      <ows:Keyword>EO-WCS</ows:Keyword>
      <ows:Keyword>WCS EO-AP</ows:Keyword>
      <ows:Keyword>WCS 2.0</ows:Keyword>
      <ows:Keyword>WCS</ows:Keyword>
      <ows:Keyword>WMS</ows:Keyword>
      <ows:Keyword>EO-WMS</ows:Keyword>
      <ows:Keyword>MERIS</ows:Keyword>
      <ows:Keyword>ASAR</ows:Keyword>
      <ows:Keyword>Envisat</ows:Keyword>
    </ows:Keywords>
    <ows:ServiceType codeSpace="OGC">OGC WCS</ows:ServiceType>
    <ows:ServiceTypeVersion>1.1.2</ows:ServiceTypeVersion>
    <ows:Fees>None</ows:Fees>
    <ows:AccessConstraints>None</ows:AccessConstraints>
  </ows:ServiceIdentification>
  <ows:ServiceProvider>
    <ows:ProviderName>EOX IT Services GmbH - HG Wien - FN 312068z - UID ATU64265057</ows:ProviderName>
    <ows:ProviderSite xlink:type="simple" xlink:href="http://eoxserver.org"/>
    <ows:ServiceContact>
      <ows:IndividualName>Stephan Meissl</ows:IndividualName>
      <ows:PositionName>Senior IT Consultant</ows:PositionName>
      <ows:ContactInfo>
        <ows:Phone>
          <ows:Voice>Provided on request</ows:Voice>
          <ows:Facsimile>None</ows:Facsimile>
        </ows:Phone>
        <ows:Address>
          <ows:DeliveryPoint>Thurngasse 8/4</ows:DeliveryPoint>
          <ows:City>Wien</ows:City>
          <ows:AdministrativeArea>Vienna</ows:AdministrativeArea>
          <ows:PostalCode>1090</ows:PostalCode>
          <ows:Country>Austria</ows:Country>
          <ows:ElectronicMailAddress>office@eox.at</ows:ElectronicMailAddress>
        </ows:Address>
        <ows:OnlineResource xlink:type="simple" xlink:href="http://eoxserver.org"/>
        <ows:HoursOfService>Mon - Fri 10:30 - 17:00 CET and CEST respectively excl. Austrian holidays</ows:HoursOfService>
        <ows:ContactInstructions>E-mails are usually answered within 3 working days.</ows:ContactInstructions>
      </ows:ContactInfo>
      <ows:Role>Service provider</ows:Role>
    </ows:ServiceContact>
  </ows:ServiceProvider>
  <ows:OperationsMetadata>
    <ows:Operation name="GetCapabilities">
      <ows:DCP>
        <ows:HTTP>
          <ows:Get xlink:type="simple" xlink:href="http://testserver/ows?"/>
          <ows:Post xlink:type="simple" xlink:href="http://testserver/ows?"/>
        </ows:HTTP>
      </ows:DCP>
      <ows:Parameter name="service">
        <ows:AllowedValues>
          <ows:Value>WCS</ows:Value>
        </ows:AllowedValues>
      </ows:Parameter>
      <ows:Parameter name="version">
        <ows:AllowedValues>
          <ows:Value>1.1.2</ows:Value>
        </ows:AllowedValues>
      </ows:Parameter>
    </ows:Operation>
    <ows:Operation name="DescribeCoverage">
      <ows:DCP>
        <ows:HTTP>
          <ows:Get xlink:type="simple" xlink:href="http://testserver/ows?"/>
          <ows:Post xlink:type="simple" xlink:href="http://testserver/ows?"/>
        </ows:HTTP>
      </ows:DCP>
      <ows:Parameter name="service">
        <ows:AllowedValues>
          <ows:Value>WCS</ows:Value>
        </ows:AllowedValues>
      </ows:Parameter>
      <ows:Parameter name="version">
        <ows:AllowedValues>
          <ows:Value>1.1.2</ows:Value>
        </ows:AllowedValues>
      </ows:Parameter>
      <ows:Parameter name="identifiers">
        <ows:AllowedValues>
          <ows:Value>ASA_WSM_1PNDPA20050331_075939_000000552036_00035_16121_0775</ows:Value>
          <ows:Value>MER_FRS_1PNPDE20060816_090929_000001972050_00222_23322_0058_uint16_reduced_compressed</ows:Value>
          <ows:Value>mosaic_MER_FRS_1PNPDE20060816_090929_000001972050_00222_23322_0058_RGB_reduced</ows:Value>
          <ows:Value>mosaic_MER_FRS_1P_reduced_RGB</ows:Value>
        </ows:AllowedValues>
      </ows:Parameter>
    </ows:Operation>
    <ows:Operation name="GetCoverage">
      <ows:DCP>
        <ows:HTTP>
          <ows:Get xlink:type="simple" xlink:href="http://testserver/ows?"/>
          <ows:Post xlink:type="simple" xlink:href="http://testserver/ows?"/>
        </ows:HTTP>
      </ows:DCP>
      <ows:Parameter name="service">
        <ows:AllowedValues>
          <ows:Value>WCS</ows:Value>
        </ows:AllowedValues>
      </ows:Parameter>
      <ows:Parameter name="version">
        <ows:AllowedValues>
          <ows:Value>1.1.2</ows:Value>
        </ows:AllowedValues>
      </ows:Parameter>
      <ows:Parameter name="Identifier">
        <ows:AllowedValues>
          <ows:Value>ASA_WSM_1PNDPA20050331_075939_000000552036_00035_16121_0775</ows:Value>
          <ows:Value>MER_FRS_1PNPDE20060816_090929_000001972050_00222_23322_0058_uint16_reduced_compressed</ows:Value>
          <ows:Value>mosaic_MER_FRS_1PNPDE20060816_090929_000001972050_00222_23322_0058_RGB_reduced</ows:Value>
          <ows:Value>mosaic_MER_FRS_1P_reduced_RGB</ows:Value>
        </ows:AllowedValues>
      </ows:Parameter>
      <ows:Parameter name="InterpolationType">
        <ows:AllowedValues>
          <ows:Value>NEAREST_NEIGHBOUR</ows:Value>
          <ows:Value>BILINEAR</ows:Value>
        </ows:AllowedValues>
      </ows:Parameter>
      <ows:Parameter name="format">
        <ows:AllowedValues>
          <ows:Value>image/tiff</ows:Value>
          <ows:Value>image/jp2</ows:Value>
          <ows:Value>application/x-netcdf</ows:Value>
          <ows:Value>application/x-hdf</ows:Value>
          <ows:Value>image/png</ows:Value>
        </ows:AllowedValues>
      </ows:Parameter>
      <ows:Parameter name="store">
        <ows:AllowedValues>
          <ows:Value>false</ows:Value>
        </ows:AllowedValues>
      </ows:Parameter>
      <ows:Parameter name="GridBaseCRS">
        <ows:AllowedValues>
          <ows:Value>urn:ogc:def:crs:epsg::4326</ows:Value>
        </ows:AllowedValues>
      </ows:Parameter>
    </ows:Operation>
  </ows:OperationsMetadata>
  <Contents>
    <CoverageSummary>
      <ows:Title>ASA_WSM_1PNDPA20050331_075939_000000552036_00035_16121_0775</ows:Title>
      <ows:Abstract/>
      <ows:WGS84BoundingBox dimensions="2">
        <ows:LowerCorner>16.727605 -36.259107</ows:LowerCorner>
        <ows:UpperCorner>22.301754 -31.984922</ows:UpperCorner>
      </ows:WGS84BoundingBox>
      <SupportedCRS>urn:ogc:def:crs:EPSG::4326</SupportedCRS>
      <SupportedCRS>urn:ogc:def:crs:EPSG::3857</SupportedCRS>
      <SupportedCRS>urn:ogc:def:crs:EPSG::900913</SupportedCRS>
      <SupportedCRS>urn:ogc:def:crs:EPSG::3035</SupportedCRS>
      <SupportedFormat>image/tiff</SupportedFormat>
      <SupportedFormat>image/jp2</SupportedFormat>
      <SupportedFormat>application/x-netcdf</SupportedFormat>
      <SupportedFormat>application/x-hdf</SupportedFormat>
      <SupportedFormat>image/png</SupportedFormat>
      <Identifier>ASA_WSM_1PNDPA20050331_075939_000000552036_00035_16121_0775</Identifier>
    </CoverageSummary>
    <CoverageSummary>
      <ows:Title>MER_FRS_1PNPDE20060816_090929_000001972050_00222_23322_0058_uint16_reduced_compressed</ows:Title>
      <ows:Abstract/>
      <ows:WGS84BoundingBox dimensions="2">
        <ows:LowerCorner>11.36106586 32.2014463</ows:LowerCorner>
        <ows:UpperCorner>28.28384572 46.2520256</ows:UpperCorner>
      </ows:WGS84BoundingBox>
      <SupportedCRS>urn:ogc:def:crs:EPSG::4326</SupportedCRS>
      <SupportedCRS>urn:ogc:def:crs:EPSG::3857</SupportedCRS>
      <SupportedCRS>urn:ogc:def:crs:EPSG::900913</SupportedCRS>
      <SupportedCRS>urn:ogc:def:crs:EPSG::3035</SupportedCRS>
      <SupportedFormat>image/tiff</SupportedFormat>
      <SupportedFormat>image/jp2</SupportedFormat>
      <SupportedFormat>application/x-netcdf</SupportedFormat>
      <SupportedFormat>application/x-hdf</SupportedFormat>
      <SupportedFormat>image/png</SupportedFormat>
      <Identifier>MER_FRS_1PNPDE20060816_090929_000001972050_00222_23322_0058_uint16_reduced_compressed</Identifier>
    </CoverageSummary>
    <CoverageSummary>
      <ows:Title>mosaic_MER_FRS_1PNPDE20060816_090929_000001972050_00222_23322_0058_RGB_reduced</ows:Title>
      <ows:Abstract/>
      <ows:WGS84BoundingBox dimensions="2">
        <ows:LowerCorner>11.331755 32.19025</ows:LowerCorner>
        <ows:UpperCorner>28.29481 46.268645</ows:UpperCorner>
      </ows:WGS84BoundingBox>
      <SupportedCRS>urn:ogc:def:crs:EPSG::4326</SupportedCRS>
      <SupportedCRS>urn:ogc:def:crs:EPSG::3857</SupportedCRS>
      <SupportedCRS>urn:ogc:def:crs:EPSG::900913</SupportedCRS>
      <SupportedCRS>urn:ogc:def:crs:EPSG::3035</SupportedCRS>
      <SupportedFormat>image/tiff</SupportedFormat>
      <SupportedFormat>image/jp2</SupportedFormat>
      <SupportedFormat>application/x-netcdf</SupportedFormat>
      <SupportedFormat>application/x-hdf</SupportedFormat>
      <SupportedFormat>image/png</SupportedFormat>
      <Identifier>mosaic_MER_FRS_1PNPDE20060816_090929_000001972050_00222_23322_0058_RGB_reduced</Identifier>
    </CoverageSummary>
    <CoverageSummary>
      <ows:Title>mosaic_MER_FRS_1P_reduced_RGB</ows:Title>
      <ows:Abstract/>
      <ows:WGS84BoundingBox dimensions="2">
        <ows:LowerCorner>-3.75 32.158895</ows:LowerCorner>
        <ows:UpperCorner>28.326165 46.3</ows:UpperCorner>
      </ows:WGS84BoundingBox>
      <SupportedCRS>urn:ogc:def:crs:EPSG::4326</SupportedCRS>
      <SupportedCRS>urn:ogc:def:crs:EPSG::3857</SupportedCRS>
      <SupportedCRS>urn:ogc:def:crs:EPSG::900913</SupportedCRS>
      <SupportedCRS>urn:ogc:def:crs:EPSG::3035</SupportedCRS>
      <SupportedFormat>image/tiff</SupportedFormat>
      <SupportedFormat>image/jp2</SupportedFormat>
      <SupportedFormat>application/x-netcdf</SupportedFormat>
      <SupportedFormat>application/x-hdf</SupportedFormat>
      <SupportedFormat>image/png</SupportedFormat>
      <Identifier>mosaic_MER_FRS_1P_reduced_RGB</Identifier>
    </CoverageSummary>
  </Contents>
</Capabilities>
