<?xml version="1.0" encoding="ISO-8859-1"?>
<ows:ExceptionReport version="1.1.2" xml:lang="en" xmlns:ows="http://www.opengis.net/ows/1.1" xmlns:xsi="http://www.w3.org/2001/XMLSchema-instance" xsi:schemaLocation="http://www.opengis.net/ows/1.1 http://schemas.opengis.net/ows/1.1.0/owsExceptionReport.xsd">
  <ows:Exception exceptionCode="NoSuchCoverage" locator="INVALID">
    <ows:ExceptionText>No rectified coverage with id 'INVALID' found.</ows:ExceptionText>
  </ows:Exception>
</ows:ExceptionReport>
