<?xml version='1.0' encoding='UTF-8'?>
<wcs:Capabilities xmlns:crs="http://www.opengis.net/wcs/crs/1.0" xmlns:wcs="http://www.opengis.net/wcs/2.0" xmlns:scal="http://www.opengis.net/wcs/scaling/1.0" xmlns:gml="http://www.opengis.net/gml/3.2" xmlns:rsub="http://www.opengis.net/wcs/range-subsetting/1.0" xmlns:swe="http://www.opengis.net/swe/2.0" xmlns:xlink="http://www.w3.org/1999/xlink" xmlns:int="http://www.opengis.net/wcs/interpolation/1.0" xmlns:eop="http://www.opengis.net/eop/2.0" xmlns:ows="http://www.opengis.net/ows/2.0" xmlns:gmlcov="http://www.opengis.net/gmlcov/1.0" xmlns:wcseo="http://www.opengis.net/wcs/wcseo/1.0" xmlns:om="http://www.opengis.net/om/2.0" xmlns:ogc="http://www.opengis.net/ogc" xmlns:xsi="http://www.w3.org/2001/XMLSchema-instance" updateSequence="20131219T132000Z" version="2.0.1" xsi:schemaLocation="http://www.opengis.net/ows/2.0 http://schemas.opengis.net/ows/2.0/owsAll.xsd http://www.opengis.net/wcs/wcseo/1.0 http://schemas.opengis.net/wcs/wcseo/1.0/wcsEOAll.xsd">
  <ows:ServiceIdentification>
    <ows:Title>Test configuration of MapServer used to demonstrate EOxServer</ows:Title>
    <ows:Abstract>Test configuration of MapServer used to demonstrate EOxServer
The MERIS test data is produced from the following ESA remote sensing data:
MERIS L1b sample data available at: http://earth.esa.int/object/index.cfm?fobjectid=4320
Copyright (C) European Space Agency - ESA</ows:Abstract>
    <ows:Keywords>
      <ows:Keyword>EO-WCS</ows:Keyword>
      <ows:Keyword>WCS EO-AP</ows:Keyword>
      <ows:Keyword>WCS 2.0</ows:Keyword>
      <ows:Keyword>WCS</ows:Keyword>
      <ows:Keyword>WMS</ows:Keyword>
      <ows:Keyword>EO-WMS</ows:Keyword>
      <ows:Keyword>MERIS</ows:Keyword>
      <ows:Keyword>ASAR</ows:Keyword>
      <ows:Keyword>Envisat</ows:Keyword>
    </ows:Keywords>
    <ows:ServiceType codeSpace="OGC">OGC WCS</ows:ServiceType>
    <ows:ServiceTypeVersion>2.0.1</ows:ServiceTypeVersion>
    <ows:ServiceTypeVersion>2.0.0</ows:ServiceTypeVersion>
    <ows:ServiceTypeVersion>1.1.2</ows:ServiceTypeVersion>
    <ows:ServiceTypeVersion>1.1.1</ows:ServiceTypeVersion>
    <ows:ServiceTypeVersion>1.1.0</ows:ServiceTypeVersion>
    <ows:ServiceTypeVersion>1.0.0</ows:ServiceTypeVersion>
    <ows:Profile>http://www.opengis.net/spec/WCS_application-profile_earth-observation/1.0/conf/eowcs</ows:Profile>
    <ows:Profile>http://www.opengis.net/spec/WCS_application-profile_earth-observation/1.0/conf/eowcs_get-kvp</ows:Profile>
    <ows:Profile>http://www.opengis.net/spec/WCS_service-extension_crs/1.0/conf/crs</ows:Profile>
    <ows:Profile>http://www.opengis.net/spec/WCS/2.0/conf/core</ows:Profile>
    <ows:Profile>http://www.opengis.net/spec/WCS_protocol-binding_get-kvp/1.0/conf/get-kvp</ows:Profile>
    <ows:Profile>http://www.opengis.net/spec/WCS_protocol-binding_post-xml/1.0/conf/post-xml</ows:Profile>
    <ows:Profile>http://www.opengis.net/spec/GMLCOV/1.0/conf/gml-coverage</ows:Profile>
    <ows:Profile>http://www.opengis.net/spec/GMLCOV/1.0/conf/multipart</ows:Profile>
    <ows:Profile>http://www.opengis.net/spec/GMLCOV/1.0/conf/special-format</ows:Profile>
    <ows:Profile>http://www.opengis.net/spec/GMLCOV_geotiff-coverages/1.0/conf/geotiff-coverage</ows:Profile>
    <ows:Profile>http://www.opengis.net/spec/WCS_geotiff-coverages/1.0/conf/geotiff-coverage</ows:Profile>
    <ows:Profile>http://www.opengis.net/spec/WCS_service-model_crs-predefined/1.0/conf/crs-predefined</ows:Profile>
    <ows:Profile>http://www.opengis.net/spec/WCS_service-extension_interpolation/1.0/conf/interpolation</ows:Profile>
    <ows:Profile>http://www.opengis.net/spec/WCS_service-extension_range-subsetting/1.0/conf/record-subsetting</ows:Profile>
    <ows:Profile>http://www.opengis.net/spec/WCS_service-extension_scaling/1.0/conf/scaling</ows:Profile>
    <ows:Fees>None</ows:Fees>
    <ows:AccessConstraints>None</ows:AccessConstraints>
  </ows:ServiceIdentification>
</wcs:Capabilities>
