<?xml version="1.0" encoding="ISO-8859-1"?>
<wcs:CoverageDescriptions xmlns:eop="http://www.opengis.net/eop/2.0" xmlns:gml="http://www.opengis.net/gml/3.2" xmlns:gmlcov="http://www.opengis.net/gmlcov/1.0" xmlns:om="http://www.opengis.net/om/2.0" xmlns:swe="http://www.opengis.net/swe/2.0" xmlns:wcs="http://www.opengis.net/wcs/2.0" xmlns:wcseo="http://www.opengis.net/wcseo/1.0" xmlns:xsi="http://www.w3.org/2001/XMLSchema-instance" xsi:schemaLocation="http://www.opengis.net/wcseo/1.0 http://schemas.opengis.net/wcseo/1.0/wcsEOAll.xsd">
  <wcs:CoverageDescription gml:id="mosaic_MER_FRS_1P_RGB_reduced">
    <gml:boundedBy>
      <gml:Envelope axisLabels="lat long" srsDimension="2" srsName="http://www.opengis.net/def/crs/EPSG/0/4326" uomLabels="deg deg">
        <gml:lowerCorner>32.15889500 -3.75000000</gml:lowerCorner>
        <gml:upperCorner>46.30000000 28.32616500</gml:upperCorner>
      </gml:Envelope>
    </gml:boundedBy>
    <wcs:CoverageId>mosaic_MER_FRS_1P_RGB_reduced</wcs:CoverageId>
    <gmlcov:metadata>
      <gmlcov:Extension>
        <wcseo:EOMetadata>
          <eop:EarthObservation gml:id="eop_mosaic_MER_FRS_1P_RGB_reduced">
            <om:phenomenonTime>
              <gml:TimePeriod gml:id="phen_time_mosaic_MER_FRS_1P_RGB_reduced">
                <gml:beginPosition>2006-08-16T00:00:00Z</gml:beginPosition>
                <gml:endPosition>2006-08-31T00:00:00Z</gml:endPosition>
              </gml:TimePeriod>
            </om:phenomenonTime>
            <om:resultTime>
              <gml:TimeInstant gml:id="res_time_mosaic_MER_FRS_1P_RGB_reduced">
                <gml:timePosition>2006-08-31T00:00:00Z</gml:timePosition>
              </gml:TimeInstant>
            </om:resultTime>
            <om:procedure/>
            <om:observedProperty/>
            <om:featureOfInterest>
              <eop:Footprint gml:id="footprint_mosaic_MER_FRS_1P_RGB_reduced">
                <eop:multiExtentOf>
                  <gml:MultiSurface gml:id="multisurface_mosaic_MER_FRS_1P_RGB_reduced" srsName="EPSG:4326">
                    <gml:surfaceMember>
                      <gml:Polygon gml:id="polygon_mosaic_MER_FRS_1P_RGB_reduced">
                        <gml:exterior>
                          <gml:LinearRing>
                            <gml:posList>46.21538200 11.45216500 46.07713900 12.56460100 45.89816100 13.88709500 45.84534275 14.22429490 46.21655800 14.32257600 46.15207600 14.88922100 46.04447500 15.71416300 45.87438400 16.93919600 45.70763700 18.04116800 45.43766100 19.69662100 45.18870800 21.06197900 44.98550200 22.14653000 44.81760100 22.97283900 44.54871900 24.21679400 44.35302600 25.07847100 44.22240100 25.61945400 43.86945300 27.09669100 43.64867800 27.96859100 42.91427600 27.60890900 41.40674500 26.90415400 39.89088700 26.23119800 38.85742500 25.79281000 37.32745500 25.15937800 35.91698000 24.60782300 34.65995600 24.12682200 33.48586400 23.69547700 32.26974600 23.26447100 32.59736600 21.93772000 32.90760911 20.61720722 32.26692700 20.38639100 32.47301300 19.56420500 32.79995700 18.20809200 33.15675500 16.63597500 33.49010600 15.04583000 33.80242000 13.46867300 34.11762800 11.78865600 34.40475900 10.10198600 34.57526981 9.01378501 33.80781100 8.72828700 32.26454100 8.17446300 32.47445700 7.34665800 32.91472100 5.48900100 33.32929500 3.59491300 33.71894900 1.67956200 34.08288200 -0.25621300 34.34057200 -1.74408400 34.60294800 -3.43798100 35.20050000 -3.31213800 36.75709400 -2.96861400 38.05579600 -2.68201000 39.51733600 -2.35075900 41.30092100 -1.94206900 42.94621600 -1.55386000 44.59251100 -1.16699500 46.21844500 -0.76977200 46.08290600 0.28854700 45.73636300 2.73342000 45.39947000 4.81565700 45.00948200 6.89477600 44.75018500 8.15491400 44.41952400 9.63424600 44.12134700 10.93930044 44.65704000 11.06940200 45.55003900 11.28225500 46.21538200 11.45216500</gml:posList>
                          </gml:LinearRing>
                        </gml:exterior>
                      </gml:Polygon>
                    </gml:surfaceMember>
                  </gml:MultiSurface>
                </eop:multiExtentOf>
              </eop:Footprint>
            </om:featureOfInterest>
            <om:result/>
            <eop:metaDataProperty>
              <eop:EarthObservationMetaData>
                <eop:identifier>mosaic_MER_FRS_1P_RGB_reduced</eop:identifier>
                <eop:acquisitionType>NOMINAL</eop:acquisitionType>
                <eop:status>ARCHIVED</eop:status>
              </eop:EarthObservationMetaData>
            </eop:metaDataProperty>
          </eop:EarthObservation>
        </wcseo:EOMetadata>
      </gmlcov:Extension>
    </gmlcov:metadata>
    <gml:domainSet>
      <gml:RectifiedGrid dimension="2" gml:id="mosaic_MER_FRS_1P_RGB_reduced_grid">
        <gml:limits>
          <gml:GridEnvelope>
            <gml:low>0 0</gml:low>
            <gml:high>1022 450</gml:high>
          </gml:GridEnvelope>
        </gml:limits>
        <gml:axisLabels>lat long</gml:axisLabels>
        <gml:origin>
          <gml:Point gml:id="mosaic_MER_FRS_1P_RGB_reduced_grid_origin" srsName="http://www.opengis.net/def/crs/EPSG/0/4326">
            <gml:pos>46.30000000 -3.75000000</gml:pos>
          </gml:Point>
        </gml:origin>
        <gml:offsetVector srsName="http://www.opengis.net/def/crs/EPSG/0/4326">0.00000000 0.03135500</gml:offsetVector>
        <gml:offsetVector srsName="http://www.opengis.net/def/crs/EPSG/0/4326">-0.03135500 0.00000000</gml:offsetVector>
      </gml:RectifiedGrid>
    </gml:domainSet>
    <gmlcov:rangeType>
      <swe:DataRecord>
        <swe:field name="red">
          <swe:Quantity definition="http://www.opengis.net/def/property/OGC/0/Radiance">
            <swe:description>Red Channel</swe:description>
            <swe:nilValues>
              <swe:NilValues>
                <swe:nilValue reason="http://www.opengis.net/def/nil/OGC/0/unknown">0</swe:nilValue>
              </swe:NilValues>
            </swe:nilValues>
            <swe:uom code="W.m-2.Sr-1"/>
            <swe:constraint>
              <swe:AllowedValues>
                <swe:interval>0 255</swe:interval>
                <swe:significantFigures>3</swe:significantFigures>
              </swe:AllowedValues>
            </swe:constraint>
          </swe:Quantity>
        </swe:field>
        <swe:field name="green">
          <swe:Quantity definition="http://www.opengis.net/def/property/OGC/0/Radiance">
            <swe:description>Green Channel</swe:description>
            <swe:nilValues>
              <swe:NilValues>
                <swe:nilValue reason="http://www.opengis.net/def/nil/OGC/0/unknown">0</swe:nilValue>
              </swe:NilValues>
            </swe:nilValues>
            <swe:uom code="W.m-2.Sr-1"/>
            <swe:constraint>
              <swe:AllowedValues>
                <swe:interval>0 255</swe:interval>
                <swe:significantFigures>3</swe:significantFigures>
              </swe:AllowedValues>
            </swe:constraint>
          </swe:Quantity>
        </swe:field>
        <swe:field name="blue">
          <swe:Quantity definition="http://www.opengis.net/def/property/OGC/0/Radiance">
            <swe:description>Blue Channel</swe:description>
            <swe:nilValues>
              <swe:NilValues>
                <swe:nilValue reason="http://www.opengis.net/def/nil/OGC/0/unknown">0</swe:nilValue>
              </swe:NilValues>
            </swe:nilValues>
            <swe:uom code="W.m-2.Sr-1"/>
            <swe:constraint>
              <swe:AllowedValues>
                <swe:interval>0 255</swe:interval>
                <swe:significantFigures>3</swe:significantFigures>
              </swe:AllowedValues>
            </swe:constraint>
          </swe:Quantity>
        </swe:field>
      </swe:DataRecord>
    </gmlcov:rangeType>
    <wcs:ServiceParameters>
      <wcs:CoverageSubtype>RectifiedStitchedMosaic</wcs:CoverageSubtype>
      <wcs:nativeFormat>image/tiff</wcs:nativeFormat>
    </wcs:ServiceParameters>
  </wcs:CoverageDescription>
</wcs:CoverageDescriptions>
