<?xml version="1.0" encoding="ISO-8859-1"?>
<wcseo:EOCoverageSetDescription xmlns:wcseo="http://www.opengis.net/wcseo/1.0" xmlns:xsi="http://www.w3.org/2001/XMLSchema-instance" numberMatched="0" numberReturned="0" xsi:schemaLocation="http://www.opengis.net/wcseo/1.0 http://schemas.opengis.net/wcseo/1.0/wcsEOAll.xsd"/>
