<?xml version="1.0" encoding="ISO-8859-1"?>
<ows:ExceptionReport xmlns:ows="http://www.opengis.net/ows/2.0" xmlns:xsi="http://www.w3.org/2001/XMLSchema-instance" version="2.0.1" xml:lang="en-US" xsi:schemaLocation="http://www.opengis.net/ows/2.0 http://schemas.opengis.net/ows/2.0/owsExceptionReport.xsd">
  <ows:Exception exceptionCode="InvalidParameterValue" locator="request">
    <ows:ExceptionText>msWCSParseSize20(): WCS server error. Parameter value '1.11' is not a valid integer.</ows:ExceptionText>
  </ows:Exception>
</ows:ExceptionReport>
