<?xml version="1.0" encoding="ISO-8859-1"?>
<wcs:Capabilities xmlns:crs="http://www.opengis.net/wcs/service-extension/crs/1.0" xmlns:gml="http://www.opengis.net/gml/3.2" xmlns:gmlcov="http://www.opengis.net/gmlcov/1.0" xmlns:ogc="http://www.opengis.net/ogc" xmlns:ows="http://www.opengis.net/ows/2.0" xmlns:swe="http://www.opengis.net/swe/2.0" xmlns:wcs="http://www.opengis.net/wcs/2.0" xmlns:wcseo="http://www.opengis.net/wcseo/1.0" xmlns:xlink="http://www.w3.org/1999/xlink" xmlns:xsi="http://www.w3.org/2001/XMLSchema-instance" updateSequence="20110610T153000Z" version="2.0.0" xsi:schemaLocation="http://www.opengis.net/wcseo/1.0 http://schemas.opengis.net/wcseo/1.0/wcsEOAll.xsd">
  <ows:ServiceIdentification>
    <ows:Title>Test configuration of MapServer used to demonstrate EOxServer</ows:Title>
    <ows:Abstract>
Test configuration of MapServer used to demonstrate EOxServer
The MERIS test data is produced from the following ESA remote sensing data:
MERIS L1b sample data available at: http://earth.esa.int/object/index.cfm?fobjectid=4320

Copyright (C) European Space Agency - ESA
</ows:Abstract>
    <ows:Keywords>
      <ows:Keyword>EO-WCS</ows:Keyword>
      <ows:Keyword>WCS EO-AP</ows:Keyword>
      <ows:Keyword>WCS 2.0</ows:Keyword>
      <ows:Keyword>WCS</ows:Keyword>
      <ows:Keyword>WMS</ows:Keyword>
      <ows:Keyword>EO-WMS</ows:Keyword>
      <ows:Keyword>MERIS</ows:Keyword>
      <ows:Keyword>ASAR</ows:Keyword>
      <ows:Keyword>Envisat</ows:Keyword>
    </ows:Keywords>
    <ows:ServiceType codeSpace="OGC">OGC WCS</ows:ServiceType>
    <ows:ServiceTypeVersion>2.0.0</ows:ServiceTypeVersion>
    <ows:Profile>http://www.opengis.net/spec/WCS_application-profile_earth-observation/1.0/conf/eowcs</ows:Profile>
    <ows:Profile>http://www.opengis.net/spec/WCS_application-profile_earth-observation/1.0/conf/eowcs_get-kvp</ows:Profile>
    <ows:Profile>http://www.opengis.net/spec/WCS_service-extension_crs/1.0/conf/crs</ows:Profile>
    <ows:Profile>http://www.opengis.net/spec/WCS/2.0/conf/core</ows:Profile>
    <ows:Profile>http://www.opengis.net/spec/WCS_protocol-binding_get-kvp/1.0/conf/get-kvp</ows:Profile>
    <ows:Profile>http://www.opengis.net/spec/WCS_protocol-binding_post-xml/1.0/conf/post-xml</ows:Profile>
    <ows:Profile>http://www.opengis.net/spec/GMLCOV/1.0/conf/gml-coverage</ows:Profile>
    <ows:Profile>http://www.opengis.net/spec/GMLCOV/1.0/conf/multipart</ows:Profile>
    <ows:Profile>http://www.opengis.net/spec/GMLCOV/1.0/conf/special-format</ows:Profile>
    <ows:Profile>http://www.opengis.net/spec/GMLCOV_geotiff-coverages/1.0/conf/geotiff-coverage</ows:Profile>
    <ows:Profile>http://www.opengis.net/spec/WCS_geotiff-coverages/1.0/conf/geotiff-coverage</ows:Profile>
    <ows:Profile>http://www.opengis.net/spec/WCS_service-model_crs-predefined/1.0/conf/crs-predefined</ows:Profile>
    <ows:Profile>http://www.opengis.net/spec/WCS_service-model_scaling+interpolation/1.0/conf/scaling+interpolation</ows:Profile>
    <ows:Profile>http://www.opengis.net/spec/WCS_service-model_band-subsetting/1.0/conf/band-subsetting</ows:Profile>
    <ows:Fees>None</ows:Fees>
    <ows:AccessConstraints>None</ows:AccessConstraints>
  </ows:ServiceIdentification>
  <ows:ServiceProvider>
    <ows:ProviderName>EOX IT Services GmbH - HG Wien - FN 312068z - UID ATU64265057</ows:ProviderName>
    <ows:ProviderSite xlink:href="http://eoxserver.org" xlink:type="simple"/>
    <ows:ServiceContact>
      <ows:IndividualName>Stephan Meissl</ows:IndividualName>
      <ows:PositionName>Senior IT Consultant</ows:PositionName>
      <ows:ContactInfo>
        <ows:Phone>
          <ows:Voice>Provided on request</ows:Voice>
          <ows:Facsimile>None</ows:Facsimile>
        </ows:Phone>
        <ows:Address>
          <ows:DeliveryPoint>Thurngasse 8/4</ows:DeliveryPoint>
          <ows:City>Wien</ows:City>
          <ows:AdministrativeArea>Vienna</ows:AdministrativeArea>
          <ows:PostalCode>1090</ows:PostalCode>
          <ows:Country>Austria</ows:Country>
          <ows:ElectronicMailAddress>office@eox.at</ows:ElectronicMailAddress>
        </ows:Address>
        <ows:OnlineResource xlink:href="http://eoxserver.org" xlink:type="simple"/>
        <ows:HoursOfService>Mon - Fri 10:30 - 17:00 CET and CEST respectively excl. Austrian holidays</ows:HoursOfService>
        <ows:ContactInstructions>E-mails are usually answered within 3 working days.</ows:ContactInstructions>
      </ows:ContactInfo>
      <ows:Role>Service provider</ows:Role>
    </ows:ServiceContact>
  </ows:ServiceProvider>
  <ows:OperationsMetadata>
    <ows:Operation name="GetCapabilities">
      <ows:DCP>
        <ows:HTTP>
          <ows:Get xlink:href="http://localhost:8000/ows?" xlink:type="simple"/>
          <ows:Post xlink:href="http://localhost:8000/ows?" xlink:type="simple">
            <ows:Constraint name="PostEncoding">
              <ows:AllowedValues>
                <ows:Value>XML</ows:Value>
              </ows:AllowedValues>
            </ows:Constraint>
          </ows:Post>
        </ows:HTTP>
      </ows:DCP>
    </ows:Operation>
    <ows:Operation name="DescribeCoverage">
      <ows:DCP>
        <ows:HTTP>
          <ows:Get xlink:href="http://localhost:8000/ows?" xlink:type="simple"/>
          <ows:Post xlink:href="http://localhost:8000/ows?" xlink:type="simple">
            <ows:Constraint name="PostEncoding">
              <ows:AllowedValues>
                <ows:Value>XML</ows:Value>
              </ows:AllowedValues>
            </ows:Constraint>
          </ows:Post>
        </ows:HTTP>
      </ows:DCP>
    </ows:Operation>
    <ows:Operation name="GetCoverage">
      <ows:DCP>
        <ows:HTTP>
          <ows:Get xlink:href="http://localhost:8000/ows?" xlink:type="simple"/>
          <ows:Post xlink:href="http://localhost:8000/ows?" xlink:type="simple">
            <ows:Constraint name="PostEncoding">
              <ows:AllowedValues>
                <ows:Value>XML</ows:Value>
              </ows:AllowedValues>
            </ows:Constraint>
          </ows:Post>
        </ows:HTTP>
      </ows:DCP>
    </ows:Operation>
    <ows:Operation name="DescribeEOCoverageSet">
      <ows:DCP>
        <ows:HTTP>
          <ows:Get xlink:href="http://localhost:8000/ows?" xlink:type="simple"/>
          <ows:Post xlink:href="http://localhost:8000/ows?" xlink:type="simple">
            <ows:Constraint name="PostEncoding">
              <ows:AllowedValues>
                <ows:Value>XML</ows:Value>
              </ows:AllowedValues>
            </ows:Constraint>
          </ows:Post>
        </ows:HTTP>
      </ows:DCP>
    </ows:Operation>
    <ows:Constraint name="CountDefault">
      <ows:NoValues/>
      <ows:DefaultValue>10</ows:DefaultValue>
    </ows:Constraint>
  </ows:OperationsMetadata>
  <wcs:ServiceMetadata>
    <wcs:formatSupported>image/tiff</wcs:formatSupported>
    <wcs:formatSupported>image/jp2</wcs:formatSupported>
    <wcs:formatSupported>application/x-netcdf</wcs:formatSupported>
    <wcs:formatSupported>application/x-hdf</wcs:formatSupported>
    <wcs:Extension>
      <crs:crsSupported>http://www.opengis.net/def/crs/EPSG/0/4326</crs:crsSupported>
      <crs:crsSupported>http://www.opengis.net/def/crs/EPSG/0/3857</crs:crsSupported>
      <crs:crsSupported>http://www.opengis.net/def/crs/EPSG/0/900913</crs:crsSupported>
      <crs:crsSupported>http://www.opengis.net/def/crs/EPSG/0/3035</crs:crsSupported>
    </wcs:Extension>
  </wcs:ServiceMetadata>
  <wcs:Contents>
    <wcs:CoverageSummary>
      <wcs:CoverageId>ASA_WSM_1PNDPA20050331_075939_000000552036_00035_16121_0775</wcs:CoverageId>
      <wcs:CoverageSubtype>ReferenceableDataset</wcs:CoverageSubtype>
    </wcs:CoverageSummary>
    <wcs:CoverageSummary>
      <wcs:CoverageId>MER_FRS_1PNPDE20060816_090929_000001972050_00222_23322_0058_uint16_reduced_compressed</wcs:CoverageId>
      <wcs:CoverageSubtype>RectifiedDataset</wcs:CoverageSubtype>
    </wcs:CoverageSummary>
    <wcs:CoverageSummary>
      <wcs:CoverageId>mosaic_MER_FRS_1PNPDE20060816_090929_000001972050_00222_23322_0058_RGB_reduced</wcs:CoverageId>
      <wcs:CoverageSubtype>RectifiedDataset</wcs:CoverageSubtype>
    </wcs:CoverageSummary>
    <wcs:CoverageSummary>
      <wcs:CoverageId>mosaic_MER_FRS_1P_RGB_reduced</wcs:CoverageId>
      <wcs:CoverageSubtype>RectifiedStitchedMosaic</wcs:CoverageSubtype>
    </wcs:CoverageSummary>
    <wcs:Extension>
      <wcseo:DatasetSeriesSummary>
        <ows:WGS84BoundingBox>
          <ows:LowerCorner>-4.04296900 32.08007800</ows:LowerCorner>
          <ows:UpperCorner>33.13476600 45.17578100</ows:UpperCorner>
        </ows:WGS84BoundingBox>
        <wcseo:DatasetSeriesId>MER_FRS_1P_reduced</wcseo:DatasetSeriesId>
        <gml:TimePeriod gml:id="MER_FRS_1P_reduced_timeperiod">
          <gml:beginPosition>2006-08-16T00:00:00</gml:beginPosition>
          <gml:endPosition>2006-08-31T00:00:00</gml:endPosition>
        </gml:TimePeriod>
      </wcseo:DatasetSeriesSummary>
      <wcseo:DatasetSeriesSummary>
        <ows:WGS84BoundingBox>
          <ows:LowerCorner>-4.04296900 32.08007800</ows:LowerCorner>
          <ows:UpperCorner>33.13476600 45.17578100</ows:UpperCorner>
        </ows:WGS84BoundingBox>
        <wcseo:DatasetSeriesId>MER_FRS_1P_RGB_reduced</wcseo:DatasetSeriesId>
        <gml:TimePeriod gml:id="MER_FRS_1P_RGB_reduced_timeperiod">
          <gml:beginPosition>2006-08-16T00:00:00</gml:beginPosition>
          <gml:endPosition>2006-08-31T00:00:00</gml:endPosition>
        </gml:TimePeriod>
      </wcseo:DatasetSeriesSummary>
    </wcs:Extension>
  </wcs:Contents>
</wcs:Capabilities>
