<?xml version='1.0' encoding='UTF-8'?>
<ows:ExceptionReport xmlns:ows="http://www.opengis.net/ows/2.0" xmlns:xsi="http://www.w3.org/2001/XMLSchema-instance" version="2.0.1" xml:lang="en" xsi:schemaLocation="http://www.opengis.net/ows/2.0 http://schemas.opengis.net/ows/2.0/owsAll.xsd">
  <ows:Exception exceptionCode="InvalidSubsetting" locator="subset">
    <ows:ExceptionText>Could not parse '2006-31-31' to a temporal value</ows:ExceptionText>
  </ows:Exception>
</ows:ExceptionReport>
