<?xml version="1.0" encoding="ISO-8859-1"?>
<ogc:ServiceExceptionReport xmlns:ogc="http://www.opengis.net/ogc" xmlns:xsi="http://www.w3.org/2001/XMLSchema-instance" version="1.3.0" xsi:schemaLocation="http://www.opengis.net/ogc http://schemas.opengis.net/wms/1.3.0/exceptions_1_3_0.xsd">
  <ogc:ServiceException code="InvalidParameterValue" locator="bbox">Wrong number of arguments for 'BBOX' parameter</ogc:ServiceException>
</ogc:ServiceExceptionReport>
