GetFeatureInfo results:

Layer 'MER_FRS_1P_reduced_RGB_masked_outlines'
  Feature 0: 
    identifier = 'mosaic_MER_FRS_1PNPDE20060822_092058_000001972050_00308_23408_0077_RGB_reduced'
