<html>
    <head>
    </head>
    <body>
        <h3>Query Result</h3>
        <ul>
            <li>Layer: MER_FRS_1P_reduced_RGB_outlines</li>
            <li>
                <p><strong>Datasets</strong></p>
                <ul>
                    <li>Dataset ID: mosaic_MER_FRS_1PNPDE20060816_090929_000001972050_00222_23322_0058_RGB_reduced </li>
                    <li><a target="_blank" href="http://testserver/ows?service=wcs&amp;version=2.0.0&amp;request=DescribeCoverage&amp;coverageid=mosaic_MER_FRS_1PNPDE20060816_090929_000001972050_00222_23322_0058_RGB_reduced">WCS 2.0 DescribeCoverage</a></li>
                    <li><a target="_blank" href="http://testserver/ows?service=wcs&amp;version=2.0.0&amp;request=GetCoverage&amp;coverageid=mosaic_MER_FRS_1PNPDE20060816_090929_000001972050_00222_23322_0058_RGB_reduced&amp;format=image/tiff">WCS 2.0 GetCoverage GeoTIFF</a></li>
                </ul>
            </li>
        </ul>
    </body>
</html>
