<?xml version='1.0' encoding='UTF-8'?>
<wps:ProcessDescriptions xmlns:xlink="http://www.w3.org/1999/xlink" xmlns:ows="http://www.opengis.net/ows/1.1" xmlns:wps="http://www.opengis.net/wps/1.0.0" xmlns:xsi="http://www.w3.org/2001/XMLSchema-instance" version="1.0.0" xml:lang="en-US" service="WPS" xsi:schemaLocation="wps http://schemas.opengis.net/wps/1.0.0/wpsAll.xsd">
  <ProcessDescription wps:processVersion="1.0.0">
    <ows:Identifier>TC01:identity:bbox</ows:Identifier>
    <ows:Title>Test Case 01: Bounding box data identity.</ows:Title>
    <ows:Abstract> Test identity process (the ouptuts are copies of the inputs)
        demonstrating various features of the bounding box data inputs
        and outputs.
    </ows:Abstract>
    <ows:Metadata xlink:href="http://www.metadata.com/test-metadata" xlink:title="test-metadata"/>
    <wps:Profile>test_profile</wps:Profile>
    <DataInputs>
      <Input minOccurs="1" maxOccurs="1">
        <ows:Identifier>TC01:input00</ows:Identifier>
        <ows:Title>TC01:input00</ows:Title>
        <BoundingBoxData>
          <Default>
            <CRS>http://www.opengis.net/def/crs/EPSG/0/4326</CRS>
          </Default>
          <Supported>
            <CRS>http://www.opengis.net/def/crs/EPSG/0/4326</CRS>
            <CRS>http://www.opengis.net/def/crs/EPSG/0/32661</CRS>
            <CRS>http://www.opengis.net/def/crs/EPSG/0/32761</CRS>
            <CRS>http://www.opengis.net/def/crs/EPSG/0/32601</CRS>
            <CRS>http://www.opengis.net/def/crs/EPSG/0/32602</CRS>
            <CRS>http://www.opengis.net/def/crs/EPSG/0/32603</CRS>
            <CRS>http://www.opengis.net/def/crs/EPSG/0/32604</CRS>
            <CRS>http://www.opengis.net/def/crs/EPSG/0/32605</CRS>
            <CRS>http://www.opengis.net/def/crs/EPSG/0/32606</CRS>
            <CRS>http://www.opengis.net/def/crs/EPSG/0/32607</CRS>
            <CRS>http://www.opengis.net/def/crs/EPSG/0/32608</CRS>
            <CRS>http://www.opengis.net/def/crs/EPSG/0/32609</CRS>
            <CRS>http://www.opengis.net/def/crs/EPSG/0/32610</CRS>
            <CRS>http://www.opengis.net/def/crs/EPSG/0/32611</CRS>
            <CRS>http://www.opengis.net/def/crs/EPSG/0/32612</CRS>
            <CRS>http://www.opengis.net/def/crs/EPSG/0/32613</CRS>
            <CRS>http://www.opengis.net/def/crs/EPSG/0/32614</CRS>
            <CRS>http://www.opengis.net/def/crs/EPSG/0/32615</CRS>
            <CRS>http://www.opengis.net/def/crs/EPSG/0/32616</CRS>
            <CRS>http://www.opengis.net/def/crs/EPSG/0/32617</CRS>
            <CRS>http://www.opengis.net/def/crs/EPSG/0/32618</CRS>
            <CRS>http://www.opengis.net/def/crs/EPSG/0/32619</CRS>
            <CRS>http://www.opengis.net/def/crs/EPSG/0/32620</CRS>
            <CRS>http://www.opengis.net/def/crs/EPSG/0/32621</CRS>
            <CRS>http://www.opengis.net/def/crs/EPSG/0/32622</CRS>
            <CRS>http://www.opengis.net/def/crs/EPSG/0/32623</CRS>
            <CRS>http://www.opengis.net/def/crs/EPSG/0/32624</CRS>
            <CRS>http://www.opengis.net/def/crs/EPSG/0/32625</CRS>
            <CRS>http://www.opengis.net/def/crs/EPSG/0/32626</CRS>
            <CRS>http://www.opengis.net/def/crs/EPSG/0/32627</CRS>
            <CRS>http://www.opengis.net/def/crs/EPSG/0/32628</CRS>
            <CRS>http://www.opengis.net/def/crs/EPSG/0/32629</CRS>
            <CRS>http://www.opengis.net/def/crs/EPSG/0/32630</CRS>
            <CRS>http://www.opengis.net/def/crs/EPSG/0/32631</CRS>
            <CRS>http://www.opengis.net/def/crs/EPSG/0/32632</CRS>
            <CRS>http://www.opengis.net/def/crs/EPSG/0/32633</CRS>
            <CRS>http://www.opengis.net/def/crs/EPSG/0/32634</CRS>
            <CRS>http://www.opengis.net/def/crs/EPSG/0/32635</CRS>
            <CRS>http://www.opengis.net/def/crs/EPSG/0/32636</CRS>
            <CRS>http://www.opengis.net/def/crs/EPSG/0/32637</CRS>
            <CRS>http://www.opengis.net/def/crs/EPSG/0/32638</CRS>
            <CRS>http://www.opengis.net/def/crs/EPSG/0/32639</CRS>
            <CRS>http://www.opengis.net/def/crs/EPSG/0/32640</CRS>
            <CRS>http://www.opengis.net/def/crs/EPSG/0/32641</CRS>
            <CRS>http://www.opengis.net/def/crs/EPSG/0/32642</CRS>
            <CRS>http://www.opengis.net/def/crs/EPSG/0/32643</CRS>
            <CRS>http://www.opengis.net/def/crs/EPSG/0/32644</CRS>
            <CRS>http://www.opengis.net/def/crs/EPSG/0/32645</CRS>
            <CRS>http://www.opengis.net/def/crs/EPSG/0/32646</CRS>
            <CRS>http://www.opengis.net/def/crs/EPSG/0/32647</CRS>
            <CRS>http://www.opengis.net/def/crs/EPSG/0/32648</CRS>
            <CRS>http://www.opengis.net/def/crs/EPSG/0/32649</CRS>
            <CRS>http://www.opengis.net/def/crs/EPSG/0/32650</CRS>
            <CRS>http://www.opengis.net/def/crs/EPSG/0/32651</CRS>
            <CRS>http://www.opengis.net/def/crs/EPSG/0/32652</CRS>
            <CRS>http://www.opengis.net/def/crs/EPSG/0/32653</CRS>
            <CRS>http://www.opengis.net/def/crs/EPSG/0/32654</CRS>
            <CRS>http://www.opengis.net/def/crs/EPSG/0/32655</CRS>
            <CRS>http://www.opengis.net/def/crs/EPSG/0/32656</CRS>
            <CRS>http://www.opengis.net/def/crs/EPSG/0/32657</CRS>
            <CRS>http://www.opengis.net/def/crs/EPSG/0/32658</CRS>
            <CRS>http://www.opengis.net/def/crs/EPSG/0/32659</CRS>
            <CRS>http://www.opengis.net/def/crs/EPSG/0/32660</CRS>
            <CRS>http://www.opengis.net/def/crs/EPSG/0/32701</CRS>
            <CRS>http://www.opengis.net/def/crs/EPSG/0/32702</CRS>
            <CRS>http://www.opengis.net/def/crs/EPSG/0/32703</CRS>
            <CRS>http://www.opengis.net/def/crs/EPSG/0/32704</CRS>
            <CRS>http://www.opengis.net/def/crs/EPSG/0/32705</CRS>
            <CRS>http://www.opengis.net/def/crs/EPSG/0/32706</CRS>
            <CRS>http://www.opengis.net/def/crs/EPSG/0/32707</CRS>
            <CRS>http://www.opengis.net/def/crs/EPSG/0/32708</CRS>
            <CRS>http://www.opengis.net/def/crs/EPSG/0/32709</CRS>
            <CRS>http://www.opengis.net/def/crs/EPSG/0/32710</CRS>
            <CRS>http://www.opengis.net/def/crs/EPSG/0/32711</CRS>
            <CRS>http://www.opengis.net/def/crs/EPSG/0/32712</CRS>
            <CRS>http://www.opengis.net/def/crs/EPSG/0/32713</CRS>
            <CRS>http://www.opengis.net/def/crs/EPSG/0/32714</CRS>
            <CRS>http://www.opengis.net/def/crs/EPSG/0/32715</CRS>
            <CRS>http://www.opengis.net/def/crs/EPSG/0/32716</CRS>
            <CRS>http://www.opengis.net/def/crs/EPSG/0/32717</CRS>
            <CRS>http://www.opengis.net/def/crs/EPSG/0/32718</CRS>
            <CRS>http://www.opengis.net/def/crs/EPSG/0/32719</CRS>
            <CRS>http://www.opengis.net/def/crs/EPSG/0/32720</CRS>
            <CRS>http://www.opengis.net/def/crs/EPSG/0/32721</CRS>
            <CRS>http://www.opengis.net/def/crs/EPSG/0/32722</CRS>
            <CRS>http://www.opengis.net/def/crs/EPSG/0/32723</CRS>
            <CRS>http://www.opengis.net/def/crs/EPSG/0/32724</CRS>
            <CRS>http://www.opengis.net/def/crs/EPSG/0/32725</CRS>
            <CRS>http://www.opengis.net/def/crs/EPSG/0/32726</CRS>
            <CRS>http://www.opengis.net/def/crs/EPSG/0/32727</CRS>
            <CRS>http://www.opengis.net/def/crs/EPSG/0/32728</CRS>
            <CRS>http://www.opengis.net/def/crs/EPSG/0/32729</CRS>
            <CRS>http://www.opengis.net/def/crs/EPSG/0/32730</CRS>
            <CRS>http://www.opengis.net/def/crs/EPSG/0/32731</CRS>
            <CRS>http://www.opengis.net/def/crs/EPSG/0/32732</CRS>
            <CRS>http://www.opengis.net/def/crs/EPSG/0/32733</CRS>
            <CRS>http://www.opengis.net/def/crs/EPSG/0/32734</CRS>
            <CRS>http://www.opengis.net/def/crs/EPSG/0/32735</CRS>
            <CRS>http://www.opengis.net/def/crs/EPSG/0/32736</CRS>
            <CRS>http://www.opengis.net/def/crs/EPSG/0/32737</CRS>
            <CRS>http://www.opengis.net/def/crs/EPSG/0/32738</CRS>
            <CRS>http://www.opengis.net/def/crs/EPSG/0/32739</CRS>
            <CRS>http://www.opengis.net/def/crs/EPSG/0/32740</CRS>
            <CRS>http://www.opengis.net/def/crs/EPSG/0/32741</CRS>
            <CRS>http://www.opengis.net/def/crs/EPSG/0/32742</CRS>
            <CRS>http://www.opengis.net/def/crs/EPSG/0/32743</CRS>
            <CRS>http://www.opengis.net/def/crs/EPSG/0/32744</CRS>
            <CRS>http://www.opengis.net/def/crs/EPSG/0/32745</CRS>
            <CRS>http://www.opengis.net/def/crs/EPSG/0/32746</CRS>
            <CRS>http://www.opengis.net/def/crs/EPSG/0/32747</CRS>
            <CRS>http://www.opengis.net/def/crs/EPSG/0/32748</CRS>
            <CRS>http://www.opengis.net/def/crs/EPSG/0/32749</CRS>
            <CRS>http://www.opengis.net/def/crs/EPSG/0/32750</CRS>
            <CRS>http://www.opengis.net/def/crs/EPSG/0/32751</CRS>
            <CRS>http://www.opengis.net/def/crs/EPSG/0/32752</CRS>
            <CRS>http://www.opengis.net/def/crs/EPSG/0/32753</CRS>
            <CRS>http://www.opengis.net/def/crs/EPSG/0/32754</CRS>
            <CRS>http://www.opengis.net/def/crs/EPSG/0/32755</CRS>
            <CRS>http://www.opengis.net/def/crs/EPSG/0/32756</CRS>
            <CRS>http://www.opengis.net/def/crs/EPSG/0/32757</CRS>
            <CRS>http://www.opengis.net/def/crs/EPSG/0/32758</CRS>
            <CRS>http://www.opengis.net/def/crs/EPSG/0/32759</CRS>
            <CRS>http://www.opengis.net/def/crs/EPSG/0/32760</CRS>
            <CRS>ImageCRS</CRS>
          </Supported>
        </BoundingBoxData>
      </Input>
    </DataInputs>
    <ProcessOutputs>
      <Output>
        <ows:Identifier>TC01:output00</ows:Identifier>
        <ows:Title>TC01:output00</ows:Title>
        <BoundingBoxOutput>
          <Default>
            <CRS>http://www.opengis.net/def/crs/EPSG/0/4326</CRS>
          </Default>
          <Supported>
            <CRS>http://www.opengis.net/def/crs/EPSG/0/4326</CRS>
            <CRS>ImageCRS</CRS>
          </Supported>
        </BoundingBoxOutput>
      </Output>
    </ProcessOutputs>
  </ProcessDescription>
</wps:ProcessDescriptions>

