<?xml version='1.0' encoding='UTF-8'?>
<wps:ExecuteResponse xmlns:ows="http://www.opengis.net/ows/1.1" xmlns:wps="http://www.opengis.net/wps/1.0.0" xmlns:xlink="http://www.w3.org/1999/xlink" xmlns:xsi="http://www.w3.org/2001/XMLSchema-instance" version="1.0.0" xml:lang="en-US" service="WPS" serviceInstance="http://testserver/ows?service=WPS&amp;version=1.0.0&amp;request=GetCapabilities" xsi:schemaLocation="wps http://schemas.opengis.net/wps/1.0.0/wpsAll.xsd">
  <wps:Process wps:processVersion="1.0.0">
    <ows:Identifier>TC04:identity:literal:datetime</ows:Identifier>
    <ows:Title>Test Case 04: Literal input date-time time-zone test.</ows:Title>
    <ows:Abstract> Test processes testing time-zone aware date-time input data-type
    with automatic time-zone conversion.
    </ows:Abstract>
    <wps:Profile>test_profile</wps:Profile>
  </wps:Process>
  <wps:Status creationTime="2000-01-01T00:00:00.000000Z">
    <wps:ProcessSucceeded>The processes execution completed successfully.</wps:ProcessSucceeded>
  </wps:Status>
  <wps:DataInputs>
    <wps:Input>
      <ows:Identifier>TC04:datetime</ows:Identifier>
      <wps:Data>
        <wps:LiteralData dataType="dateTime">2016-08-04T09:26:04</wps:LiteralData>
      </wps:Data>
    </wps:Input>
  </wps:DataInputs>
  <wps:OutputDefinitions/>
  <wps:ProcessOutputs>
    <wps:Output>
      <ows:Identifier>TC04:datetime</ows:Identifier>
      <ows:Title>Date-time output.</ows:Title>
      <wps:Data>
        <wps:LiteralData dataType="dateTime">2016-08-04T05:56:04-02:00</wps:LiteralData>
      </wps:Data>
    </wps:Output>
  </wps:ProcessOutputs>
</wps:ExecuteResponse>
