{"result": [{"CLOUD_COVERAGE": 0.961218836565097}]}