{"result": [{"CLOUD_COVERAGE": 0.877309682187731}]}